// Vitest Snapshot v1, https://vitest.dev/guide/snapshot.html

exports[`generate css > builtin icon 1`] = `
{
  "css": "
.vp-code-block-title [data-title]::before,
.vp-code-group [data-title]::before {
  display: inline-block;
  width: 1em;
  height: 1em;
  margin-right: 0.5em;
  margin-bottom: -0.2em;
  background: var(--icon) no-repeat center / contain;
}

.vp-code-block-title-bar {
  position: relative;
  margin: 16px -24px 0 -24px;
  background-color: var(--vp-code-block-bg);
  overflow-x: auto;
  font-size: 14px;
  font-weight: 500;
  color: var(--vp-code-tab-text-color);
  white-space: nowrap;
  transition: background-color 0.5s;
  border-radius: 8px 8px 0 0;
  padding:0 12px;
  box-shadow: inset 0 -1px var(--vp-code-tab-divider);
}

@media (min-width: 640px) {
  .vp-code-block-title-bar {
    margin: 16px 0 0 0;
  }
}

.vp-code-block-title-text {
  padding: 0 12px;
  line-height: 48px;
}


.vp-code-block-title div[class*=language-] {
  margin-top: 0 !important;
  border-top-left-radius: 0 !important;
  border-top-right-radius: 0 !important;
}

[data-title='npm']::before {
  content: '';
  --icon: url("data:image/svg+xml,%3Csvg xmlns='http://www.w3.org/2000/svg' width='1em' height='1em' viewBox='0 0 32 32'%3E%3Cpath fill='%23cb3837' d='M2 10.555h28v9.335H16v1.556H9.778v-1.557H2Zm1.556 7.779h3.111v-4.668h1.555v4.667h1.556v-6.222H3.556Zm7.778-6.223v7.779h3.111v-1.556h3.111v-6.223Zm3.111 1.556H16v3.112h-1.556Zm4.667-1.556v6.223h3.111v-4.668h1.556v4.667h1.556v-4.667h1.556v4.667h1.556v-6.222Z'/%3E%3C/svg%3E");
}
[data-title='yarn']::before {
  content: '';
  --icon: url("data:image/svg+xml,%3Csvg xmlns='http://www.w3.org/2000/svg' width='1em' height='1em' viewBox='0 0 32 32'%3E%3Cpath fill='%232188b6' d='M28.208 24.409a10.5 10.5 0 0 0-3.959 1.822a23.7 23.7 0 0 1-5.835 2.642a1.63 1.63 0 0 1-.983.55a62 62 0 0 1-6.447.577c-1.163.009-1.876-.3-2.074-.776a1.573 1.573 0 0 1 .866-2.074a4 4 0 0 1-.514-.379c-.171-.171-.352-.514-.406-.388c-.225.55-.343 1.894-.947 2.5c-.83.839-2.4.559-3.328.072c-1.019-.541.072-1.813.072-1.813a.73.73 0 0 1-.992-.343a4.85 4.85 0 0 1-.667-2.949a5.37 5.37 0 0 1 1.749-2.895a9.3 9.3 0 0 1 .658-4.4a10.45 10.45 0 0 1 3.165-3.661S6.628 10.747 7.35 8.817c.469-1.262.658-1.253.812-1.308a3.6 3.6 0 0 0 1.452-.857a5.27 5.27 0 0 1 4.41-1.7S15.2 1.4 16.277 2.09a18.4 18.4 0 0 1 1.533 2.886s1.281-.748 1.425-.469a11.33 11.33 0 0 1 .523 6.132a14 14 0 0 1-2.6 5.411c-.135.225 1.551.938 2.615 3.887c.983 2.7.108 4.96.262 5.212c.027.045.036.063.036.063s1.127.09 3.391-1.308a8.5 8.5 0 0 1 4.277-1.604a1.081 1.081 0 0 1 .469 2.11Z'/%3E%3C/svg%3E");
}",
}
`;

exports[`generate css > custom icon 1`] = `
{
  "css": "
.vp-code-block-title [data-title]::before,
.vp-code-group [data-title]::before {
  display: inline-block;
  width: 1em;
  height: 1em;
  margin-right: 0.5em;
  margin-bottom: -0.2em;
  background: var(--icon) no-repeat center / contain;
}

.vp-code-block-title-bar {
  position: relative;
  margin: 16px -24px 0 -24px;
  background-color: var(--vp-code-block-bg);
  overflow-x: auto;
  font-size: 14px;
  font-weight: 500;
  color: var(--vp-code-tab-text-color);
  white-space: nowrap;
  transition: background-color 0.5s;
  border-radius: 8px 8px 0 0;
  padding:0 12px;
  box-shadow: inset 0 -1px var(--vp-code-tab-divider);
}

@media (min-width: 640px) {
  .vp-code-block-title-bar {
    margin: 16px 0 0 0;
  }
}

.vp-code-block-title-text {
  padding: 0 12px;
  line-height: 48px;
}


.vp-code-block-title div[class*=language-] {
  margin-top: 0 !important;
  border-top-left-radius: 0 !important;
  border-top-right-radius: 0 !important;
}

[data-title='vitepress']::before {
  content: '';
  --icon: url("data:image/svg+xml,%3Csvg xmlns='http://www.w3.org/2000/svg' width='48' height='48' viewBox='0 0 48 48' fill='none'%3E%3Clink xmlns=''/%3E%3Cscript xmlns=''/%3E %3Cpath d='M5.03628 7.87818C4.75336 5.83955 6.15592 3.95466 8.16899 3.66815L33.6838 0.0367403C35.6969 -0.24977 37.5581 1.1706 37.841 3.20923L42.9637 40.1218C43.2466 42.1604 41.8441 44.0453 39.831 44.3319L14.3162 47.9633C12.3031 48.2498 10.4419 46.8294 10.159 44.7908L5.03628 7.87818Z' fill='url(%23paint0_linear_1287_1214)'/%3E %3Cpath d='M6.85877 7.6188C6.71731 6.59948 7.41859 5.65703 8.42512 5.51378L33.9399 1.88237C34.9465 1.73911 35.8771 2.4493 36.0186 3.46861L41.1412 40.3812C41.2827 41.4005 40.5814 42.343 39.5749 42.4862L14.0601 46.1176C13.0535 46.2609 12.1229 45.5507 11.9814 44.5314L6.85877 7.6188Z' fill='white'/%3E %3Cpath d='M33.1857 14.9195L25.8505 34.1576C25.6991 34.5547 25.1763 34.63 24.9177 34.2919L12.3343 17.8339C12.0526 17.4655 12.3217 16.9339 12.7806 16.9524L22.9053 17.3607C22.9698 17.3633 23.0344 17.3541 23.0956 17.3337L32.5088 14.1992C32.9431 14.0546 33.3503 14.4878 33.1857 14.9195Z' fill='url(%23paint1_linear_1287_1214)'/%3E %3Cpath d='M27.0251 12.5756L19.9352 15.0427C19.8187 15.0832 19.7444 15.1986 19.7546 15.3231L20.3916 23.063C20.4066 23.2453 20.5904 23.3628 20.7588 23.2977L22.7226 22.5392C22.9064 22.4682 23.1021 22.6138 23.0905 22.8128L22.9102 25.8903C22.8982 26.0974 23.1093 26.2436 23.295 26.1567L24.4948 25.5953C24.6808 25.5084 24.892 25.6549 24.8795 25.8624L24.5855 30.6979C24.5671 31.0004 24.9759 31.1067 25.1013 30.8321L25.185 30.6487L29.4298 17.8014C29.5008 17.5863 29.2968 17.3809 29.0847 17.454L27.0519 18.1547C26.8609 18.2205 26.6675 18.0586 26.6954 17.8561L27.3823 12.8739C27.4103 12.6712 27.2163 12.5091 27.0251 12.5756Z' fill='url(%23paint2_linear_1287_1214)'/%3E %3Cdefs%3E %3ClinearGradient id='paint0_linear_1287_1214' x1='6.48163' y1='1.9759' x2='39.05' y2='48.2064' gradientUnits='userSpaceOnUse'%3E %3Cstop stop-color='%2349C7FF'/%3E %3Cstop offset='1' stop-color='%23BD36FF'/%3E %3C/linearGradient%3E %3ClinearGradient id='paint1_linear_1287_1214' x1='11.8848' y1='16.4266' x2='26.7246' y2='31.4177' gradientUnits='userSpaceOnUse'%3E %3Cstop stop-color='%2341D1FF'/%3E %3Cstop offset='1' stop-color='%23BD34FE'/%3E %3C/linearGradient%3E %3ClinearGradient id='paint2_linear_1287_1214' x1='21.8138' y1='13.7046' x2='26.2464' y2='28.8069' gradientUnits='userSpaceOnUse'%3E %3Cstop stop-color='%23FFEA83'/%3E %3Cstop offset='0.0833333' stop-color='%23FFDD35'/%3E %3Cstop offset='1' stop-color='%23FFA800'/%3E %3C/linearGradient%3E %3C/defs%3E %3Cscript xmlns=''/%3E%3C/svg%3E ");
}
[data-title='ae']::before {
  content: '';
  --icon: url("data:image/svg+xml,%3Csvg xmlns='http://www.w3.org/2000/svg' width='1.03em' height='1em' viewBox='0 0 256 250'%3E%3Crect width='256' height='249.6' fill='%2300005B' rx='42.5'/%3E%3Cpath fill='%2399F' d='M102.843 149.333H63.172L55.1 174.454a2.02 2.02 0 0 1-1.901 1.547L32.947 176q-1.72 0-1.202-1.89l34.347-98.509l.343-1.035l.114-.354l.23-.74c.114-.382.228-.787.343-1.226c.45-2.291.68-4.62.687-6.955a1.063 1.063 0 0 1 1.202-1.202h27.306q1.2 0 1.374.859l38.983 109.335q.515 1.718-1.03 1.717h-22.326a1.59 1.59 0 0 1-1.717-1.202zm-33.488-21.181h27.134l-.387-1.277l-.621-2.022l-.909-2.896l-1.745-5.467l-1.662-5.254l-3.092-9.789a336 336 0 0 1-2.46-8.138l-.878-3.096l-.948-3.393l-.866-3.147h-.172a139 139 0 0 1-3.136 12.23l-1.16 3.723l-2.79 9l-1.414 4.585q-.383 1.242-.765 2.456l-.76 2.398l-.756 2.342l-.752 2.284l-.748 2.227q-.559 1.65-1.113 3.234m130.518 11.404h-33.831a24.1 24.1 0 0 0 3.263 9.461a17.67 17.67 0 0 0 7.813 6.44a32.6 32.6 0 0 0 13.653 2.676a62 62 0 0 0 11.077-1.216a40.8 40.8 0 0 0 9.523-2.482q.859-.685.86.858v16.315c.028.445-.061.889-.259 1.288c-.196.312-.46.576-.772.773a43.7 43.7 0 0 1-10.64 3.17a75.5 75.5 0 0 1-15.113 1.287q-11.814 0-19.917-3.545l-.52-.233a36.4 36.4 0 0 1-13.394-10.132a39.7 39.7 0 0 1-7.385-13.996A55.1 55.1 0 0 1 142 134.678a54.1 54.1 0 0 1 2.662-16.916a44.2 44.2 0 0 1 7.985-14.597a38.4 38.4 0 0 1 12.88-10.133c5.037-2.46 10.991-3.343 17.86-3.343a38.8 38.8 0 0 1 16.573 3.263a29.2 29.2 0 0 1 11.248 8.495a39 39 0 0 1 6.354 12.107a43.2 43.2 0 0 1 2.061 13.052q0 3.78-.257 6.87l-.153 1.764l-.16 1.674l-.095.848l-.022.179a1.556 1.556 0 0 1-1.545 1.374l-.471.01l-.587.03l-.457.033l-1.068.091l-.938.093q-.383.04-.795.075l-.851.067l-.909.06l-.965.05l-1.022.043l-.533.018l-1.107.03c-1.095.027-2.217-.041-3.368-.125l-1.746-.128a40 40 0 0 0-2.7-.106m-33.831-15.645h23.386l1.992-.013l1.354-.019l.877-.02l.984-.034a6 6 0 0 0 2.49-.825v-1.03a13.7 13.7 0 0 0-.686-3.95a14.03 14.03 0 0 0-13.91-9.79a14.92 14.92 0 0 0-14.169 8.072a24.8 24.8 0 0 0-2.318 7.61'/%3E%3C/svg%3E");
}",
}
`;

exports[`generate css > duplicate label 1`] = `
{
  "css": "
.vp-code-block-title [data-title]::before,
.vp-code-group [data-title]::before {
  display: inline-block;
  width: 1em;
  height: 1em;
  margin-right: 0.5em;
  margin-bottom: -0.2em;
  background: var(--icon) no-repeat center / contain;
}

.vp-code-block-title-bar {
  position: relative;
  margin: 16px -24px 0 -24px;
  background-color: var(--vp-code-block-bg);
  overflow-x: auto;
  font-size: 14px;
  font-weight: 500;
  color: var(--vp-code-tab-text-color);
  white-space: nowrap;
  transition: background-color 0.5s;
  border-radius: 8px 8px 0 0;
  padding:0 12px;
  box-shadow: inset 0 -1px var(--vp-code-tab-divider);
}

@media (min-width: 640px) {
  .vp-code-block-title-bar {
    margin: 16px 0 0 0;
  }
}

.vp-code-block-title-text {
  padding: 0 12px;
  line-height: 48px;
}


.vp-code-block-title div[class*=language-] {
  margin-top: 0 !important;
  border-top-left-radius: 0 !important;
  border-top-right-radius: 0 !important;
}

[data-title='foo.ts']::before,[data-title='bar.ts']::before {
  content: '';
  --icon: url("data:image/svg+xml,%3Csvg xmlns='http://www.w3.org/2000/svg' width='1em' height='1em' viewBox='0 0 32 32'%3E%3Cpath fill='%23007acc' d='M23.827 8.243a4.4 4.4 0 0 1 2.223 1.281a6 6 0 0 1 .852 1.143c.011.045-1.534 1.083-2.471 1.662c-.034.023-.169-.124-.322-.35a2.01 2.01 0 0 0-1.67-1c-1.077-.074-1.771.49-1.766 1.433a1.3 1.3 0 0 0 .153.666c.237.49.677.784 2.059 1.383c2.544 1.095 3.636 1.817 4.31 2.843a5.16 5.16 0 0 1 .416 4.333a4.76 4.76 0 0 1-3.932 2.815a11 11 0 0 1-2.708-.028a6.53 6.53 0 0 1-3.616-1.884a6.3 6.3 0 0 1-.926-1.371a3 3 0 0 1 .327-.208c.158-.09.756-.434 1.32-.761l1.024-.6l.214.312a4.8 4.8 0 0 0 1.35 1.292a3.3 3.3 0 0 0 3.458-.175a1.545 1.545 0 0 0 .2-1.974c-.276-.395-.84-.727-2.443-1.422a8.8 8.8 0 0 1-3.349-2.055a4.7 4.7 0 0 1-.976-1.777a7.1 7.1 0 0 1-.062-2.268a4.33 4.33 0 0 1 3.644-3.374a9 9 0 0 1 2.691.084m-8.343 1.483l.011 1.454h-4.63v13.148H7.6V11.183H2.97V9.755a14 14 0 0 1 .04-1.466c.017-.023 2.832-.034 6.245-.028l6.211.017Z'/%3E%3C/svg%3E");
}",
}
`;
